#-----------------------------------------------------------
# Vivado v2025.2 (64-bit)
# SW Build 6299465 on Fri Nov 14 19:35:11 GMT 2025
# IP Build 6300035 on Fri Nov 14 10:48:45 MST 2025
# SharedData Build 6298862 on Thu Nov 13 04:50:51 MST 2025
# Start of session at: Sat Dec  6 23:01:02 2025
# Process ID         : 11940
# Current directory  : C:/Users/gites/dsd_project
# Command line       : vivado.exe -gui_launcher_event rodinguilauncherevent19536 C:\Users\gites\dsd_project\dsd_project.xpr
# Log file           : C:/Users/gites/dsd_project/vivado.log
# Journal file       : C:/Users/gites/dsd_project\vivado.jou
# Running On         : DESKTOP-L68MQBH
# Platform           : Windows Server 2016 or Windows 10
# Operating System   : 26200
# Processor Detail   : 11th Gen Intel(R) Core(TM) i5-1135G7 @ 2.40GHz
# CPU Frequency      : 2419 MHz
# CPU Physical cores : 4
# CPU Logical cores  : 8
# Host memory        : 8311 MB
# Swap memory        : 11733 MB
# Total Virtual      : 20045 MB
# Available Virtual  : 4429 MB
#-----------------------------------------------------------
start_gui
